COMMAND ["/home/chayanin/Downloads/miniforge3/envs/env_isaaclab/bin/python", "/home/chayanin/Downloads/IsaacLab/scripts/reinforcement_learning/rsl_rl/train.py", "--task", "Isaac-Velocity-Rough-Unitree-Go1-v0", "--agent", "rsl_rl_cfg_entry_point", "--seed", "0", "--num_envs", "1024", "--max_iterations", "1", "--device", "cuda:0", "--logger", "tensorboard", "--run_name", "seed_0", "--headless"]
[INFO][AppLauncher]: Using device: cuda:0
[INFO][AppLauncher]: Loading experience file: /home/chayanin/Downloads/IsaacLab/apps/isaaclab.python.headless.kit
Loading user config located at: '/home/chayanin/Downloads/miniforge3/envs/env_isaaclab/lib/python3.11/site-packages/isaacsim/kit/data/Kit/Isaac-Sim/5.1/user.config.json'
[Info] [carb] Logging to file: /home/chayanin/Downloads/miniforge3/envs/env_isaaclab/lib/python3.11/site-packages/isaacsim/kit/logs/Kit/Isaac-Sim/5.1/kit_20260919_145424.log
2026-09-19T07:54:24Z [88ms] [Warning] [omni.usd_config.extension] Enable omni.materialx.libs extension to use MaterialX
2026-09-19T07:54:24Z [480ms] [Warning] [carb] Acquiring non optional plugin interface which is not listed as dependency: [omni::physx::IPhysxBenchmarks v1.0] (plugin: <default plugin>), by client: omni.physics.physx.plugin. Add it to CARB_PLUGIN_IMPL_DEPS() macro of a client.
2026-09-19T07:54:24Z [488ms] [Warning] [omni.isaac.dynamic_control] omni.isaac.dynamic_control is deprecated as of Isaac Sim 4.5. No action is needed from end-users.
2026-09-19T07:54:27Z [2,810ms] [Warning] [gpu.foundation.plugin] Skipping unsupported non-NVIDIA GPU: Intel(R) Graphics (RPL-S)
2026-09-19T07:54:27Z [2,810ms] [Warning] [gpu.foundation.plugin] Skipping unsupported non-NVIDIA GPU: Intel(R) Graphics (RPL-S)

|---------------------------------------------------------------------------------------------|
| Driver Version: 580.173.02    | Graphics API: Vulkan
|=============================================================================================|
| GPU | Name                             | Active | LDA | GPU Memory | Vendor-ID | LUID       |
|     |                                  |        |     |            | Device-ID | UUID       |
|     |                                  |        |     |            | Bus-ID    |            |
|---------------------------------------------------------------------------------------------|
| 0   | NVIDIA GeForce RTX 5060 Laptop.. | Yes: 0 |     | 8151    MB | 10de      | 0          |
|     |                                  |        |     |            | 2d19      | 8c734645.. |
|     |                                  |        |     |            | 2         |            |
|---------------------------------------------------------------------------------------------|
| 1   | Intel(R) Graphics (RPL-S)        |        |     | 17796   MB | 8086      | 0          |
|     |                                  |        |     |            | a78b      | 86808ba7.. |
|     |                                  |        |     |            | 0         |            |
|=============================================================================================|
| OS: 24.04.4 LTS (Noble Numbat) ubuntu, Version: 24.04.4, Kernel: 7.0.0-31-generic
| XServer Vendor: The X.Org Foundation, XServer Version: 12101011 (1.21.1.11)
| Processor: Intel(R) Core(TM) i7-14650HX
| Bare Metal Cores: 16 | Bare Metal Logical Cores: 32
| Available Cores:  24 
|---------------------------------------------------------------------------------------------|
| Total Memory (MB): 23728 | Free Memory: 15347
| Total Page/Swap (MB): 8191 | Free Page/Swap: 7445
|---------------------------------------------------------------------------------------------|
2026-09-19T07:54:27Z [3,036ms] [Warning] [gpu.foundation.plugin] CPU performance profile is set to powersave. This profile sets the CPU to the lowest frequency reducing performance.
2026-09-19T07:54:27Z [3,054ms] [Warning] [gpu.foundation.plugin] PCIe link width current (8) and maximum (16) for device 0 don't match.
2026-09-19T07:54:27Z [3,054ms] [Warning] [gpu.foundation.plugin] IOMMU is enabled.
2026-09-19T07:54:27Z [3,054ms] [Warning] [gpu.foundation.plugin] Detected IOMMU is enabled. Running CUDA peer-to-peer bandwidth and latency validation.
Unidirectional P2P=Enabled Bandwidth (P2P Writes) Matrix (GB/s)
   D\D     0 
     0 292.88 
P2P=Enabled Latency (P2P Writes) Matrix (us)
   GPU     0 
     0   2.06 

   CPU     0 
     0   1.68 
[INFO]: Parsing configuration from: isaaclab_tasks.manager_based.locomotion.velocity.config.go1.rough_env_cfg:UnitreeGo1RoughEnvCfg
[INFO]: Parsing configuration from: isaaclab_tasks.manager_based.locomotion.velocity.config.go1.agents.rsl_rl_ppo_cfg:UnitreeGo1RoughPPORunnerCfg
[WARNING]: The `policy` configuration is deprecated for rsl-rl >= 4.0.0. Please use, e.g., `actor` and `critic` model configurations instead.
[WARNING]: The `policy` configuration is used to infer the `actor` model configuration.
[WARNING]: The `policy` configuration is used to infer the `critic` model configuration.
[WARNING]: The `distribution_cfg` configuration is now used to specify the output distribution for stochastic policies. Consider updating the configuration to use `distribution_cfg` instead of `stochastic`, `init_noise_std`, `noise_std_type`, and `state_dependent_std` parameters.
[INFO] Logging experiment in directory: /home/chayanin/Desktop/flyg1/stock_isaaclab_runs/default_locomotion_g1_go1_flat_rough_seeds0_1_2_v1/gates/memory_smoke_attempt_001/work/go1/rough/logs/rsl_rl/unitree_go1_rough
Exact experiment name requested from command line: 2026-09-19_14-54-29

[36m======================================================================================[0m
[36m[1m[INFO][IsaacLab]: Logging to file: /tmp/isaaclab/logs/isaaclab_2026-09-19_14-54-29.log[0m
[36m======================================================================================[0m

[33m14:54:29 [simulation_context.py] WARNING: The `enable_external_forces_every_iteration` parameter in the PhysxCfg is set to False. If you are experiencing noisy velocities, consider enabling this flag. You may need to slightly increase the number of velocity iterations (setting it to 1 or 2 rather than 0), together with this flag, to improve the accuracy of velocity updates.[0m
[INFO]: Base environment:
	Environment device    : cuda:0
	Environment seed      : 0
	Physics step-size     : 0.005
	Rendering step-size   : 0.02
	Environment step-size : 0.02
[INFO]: Time taken for scene creation : 0.104677 seconds
Error executing job with overrides: []
Traceback (most recent call last):
  File "/home/chayanin/Downloads/IsaacLab/source/isaaclab_tasks/isaaclab_tasks/utils/hydra.py", line 100, in hydra_main
    func(env_cfg, agent_cfg, *args, **kwargs)
  File "/home/chayanin/Downloads/IsaacLab/scripts/reinforcement_learning/rsl_rl/train.py", line 173, in main
    env = gym.make(args_cli.task, cfg=env_cfg, render_mode="rgb_array" if args_cli.video else None)
          ^^^^^^^^^^^^^^^^^^^^^^^^^^^^^^^^^^^^^^^^^^^^^^^^^^^^^^^^^^^^^^^^^^^^^^^^^^^^^^^^^^^^^^^^^
  File "/home/chayanin/Downloads/miniforge3/envs/env_isaaclab/lib/python3.11/site-packages/gymnasium/envs/registration.py", line 734, in make
    env = env_creator(**env_spec_kwargs)
          ^^^^^^^^^^^^^^^^^^^^^^^^^^^^^^
  File "/home/chayanin/Downloads/IsaacLab/source/isaaclab/isaaclab/envs/manager_based_rl_env.py", line 80, in __init__
    super().__init__(cfg=cfg)
  File "/home/chayanin/Downloads/IsaacLab/source/isaaclab/isaaclab/envs/manager_based_env.py", line 142, in __init__
    self.scene = InteractiveScene(self.cfg.scene)
                 ^^^^^^^^^^^^^^^^^^^^^^^^^^^^^^^^
  File "/home/chayanin/Downloads/IsaacLab/source/isaaclab/isaaclab/scene/interactive_scene.py", line 185, in __init__
    self._add_entities_from_cfg()
  File "/home/chayanin/Downloads/IsaacLab/source/isaaclab/isaaclab/scene/interactive_scene.py", line 744, in _add_entities_from_cfg
    self._articulations[asset_name] = asset_cfg.class_type(asset_cfg)
                                      ^^^^^^^^^^^^^^^^^^^^^^^^^^^^^^^
  File "/home/chayanin/Downloads/IsaacLab/source/isaaclab/isaaclab/assets/articulation/articulation.py", line 106, in __init__
    super().__init__(cfg)
  File "/home/chayanin/Downloads/IsaacLab/source/isaaclab/isaaclab/assets/asset_base.py", line 84, in __init__
    self.cfg.spawn.func(
  File "/home/chayanin/Downloads/IsaacLab/source/isaaclab/isaaclab/sim/utils/prims.py", line 715, in wrapper
    prim = func(prim_paths[0], cfg, *args, **kwargs)
           ^^^^^^^^^^^^^^^^^^^^^^^^^^^^^^^^^^^^^^^^^
  File "/home/chayanin/Downloads/IsaacLab/source/isaaclab/isaaclab/sim/spawners/from_files/from_files.py", line 76, in spawn_from_usd
    return _spawn_from_usd_file(prim_path, cfg.usd_path, cfg, translation, orientation)
           ^^^^^^^^^^^^^^^^^^^^^^^^^^^^^^^^^^^^^^^^^^^^^^^^^^^^^^^^^^^^^^^^^^^^^^^^^^^^
  File "/home/chayanin/Downloads/IsaacLab/source/isaaclab/isaaclab/sim/spawners/from_files/from_files.py", line 307, in _spawn_from_usd_file
    raise FileNotFoundError(f"USD file not found at path at: '{usd_path}'.")
FileNotFoundError: USD file not found at path at: '/home/chayanin/.cache/flyg1/isaac-5.1-offline/Isaac/IsaacLab/Robots/Unitree/Go1/go1.usd'.

Set the environment variable HYDRA_FULL_ERROR=1 for a complete stack trace.
2026-09-19T07:54:29Z [4,813ms] [Warning] [omni.physx.plugin] USD stage detach not called, holding a loose ptr to a stage!
2026-09-19T07:54:29Z [4,990ms] [Warning] [carb] Recursive unloadAllPlugins() detected!
